Copyright 1986-2022 Xilinx, Inc. All Rights Reserved. Copyright 2022-2025 Advanced Micro Devices, Inc. All Rights Reserved.
---------------------------------------------------------------------------------------------------------------------------------------------
| Tool Version : Vivado v.2025.2 (lin64) Build 6299465 Fri Nov 14 12:34:56 MST 2025
| Date         : Sat Mar 21 19:13:29 2026
| Host         : YouBing running 64-bit Ubuntu 24.04.3 LTS
| Command      : report_utilization -hierarchical -hierarchical_depth 6 -file /raid/work/hyperbus_ai3/doc/py/report_fifo_util.rpt
| Design       : design_1_wrapper
| Device       : xcsu35p-sbvb625-2-e
| Speed File   : -2
| Design State : Routed
---------------------------------------------------------------------------------------------------------------------------------------------

Utilization Design Information

Table of Contents
-----------------
1. Utilization by Hierarchy

1. Utilization by Hierarchy
---------------------------

+-------------------------------------------------------+--------------------------------------------------------------------------------------------+------------+------------+---------+------+------+--------+--------+------+------------+
|                        Instance                       |                                           Module                                           | Total LUTs | Logic LUTs | LUTRAMs | SRLs |  FFs | RAMB36 | RAMB18 | URAM | DSP Blocks |
+-------------------------------------------------------+--------------------------------------------------------------------------------------------+------------+------------+---------+------+------+--------+--------+------+------------+
| design_1_wrapper                                      |                                                                                      (top) |       4752 |       4543 |     116 |   93 | 3883 |     13 |      4 |    0 |          4 |
|   (design_1_wrapper)                                  |                                                                                      (top) |          0 |          0 |       0 |    0 |    0 |      0 |      0 |    0 |          0 |
|   design_1_i                                          |                                                                                   design_1 |       4752 |       4543 |     116 |   93 | 3883 |     13 |      4 |    0 |          4 |
|     reset_gen                                         |                                                                      reset_gen_imp_1MBKAOM |         58 |         54 |       0 |    4 |  138 |      0 |      0 |    0 |          0 |
|     axi_crossbar_0                                    |                                                                  design_1_axi_crossbar_0_0 |        136 |        136 |       0 |    0 |  128 |      0 |      0 |    0 |          0 |
|       inst                                            |                                design_1_axi_crossbar_0_0_axi_crossbar_v2_1_38_axi_crossbar |        136 |        136 |       0 |    0 |  128 |      0 |      0 |    0 |          0 |
|         gen_sasd.crossbar_sasd_0                      |                               design_1_axi_crossbar_0_0_axi_crossbar_v2_1_38_crossbar_sasd |        136 |        136 |       0 |    0 |  128 |      0 |      0 |    0 |          0 |
|           reg_slice_r                                 |                   design_1_axi_crossbar_0_0_axi_register_slice_v2_1_36_axic_register_slice |         73 |         73 |       0 |    0 |   72 |      0 |      0 |    0 |          0 |
|           addr_arbiter_inst                           |                           design_1_axi_crossbar_0_0_axi_crossbar_v2_1_38_addr_arbiter_sasd |         51 |         51 |       0 |    0 |   38 |      0 |      0 |    0 |          0 |
|     axi_crossbar_1                                    |                                                                  design_1_axi_crossbar_1_0 |        163 |        162 |       0 |    1 |  224 |      0 |      0 |    0 |          0 |
|       inst                                            |                                design_1_axi_crossbar_1_0_axi_crossbar_v2_1_38_axi_crossbar |        163 |        162 |       0 |    1 |  224 |      0 |      0 |    0 |          0 |
|         gen_samd.crossbar_samd                        |                                    design_1_axi_crossbar_1_0_axi_crossbar_v2_1_38_crossbar |        163 |        162 |       0 |    1 |  224 |      0 |      0 |    0 |          0 |
|           gen_master_slots[0].reg_slice_mi            |                    design_1_axi_crossbar_1_0_axi_register_slice_v2_1_36_axi_register_slice |         42 |         42 |       0 |    0 |   74 |      0 |      0 |    0 |          0 |
|             r.r_pipe                                  | design_1_axi_crossbar_1_0_axi_register_slice_v2_1_36_axic_register_slice__parameterized2_6 |         38 |         38 |       0 |    0 |   70 |      0 |      0 |    0 |          0 |
|     axi_intc_0                                        |                                                                      design_1_axi_intc_0_0 |         70 |         70 |       0 |    0 |   74 |      0 |      0 |    0 |          0 |
|       U0                                              |                                                             design_1_axi_intc_0_0_axi_intc |         70 |         70 |       0 |    0 |   74 |      0 |      0 |    0 |          0 |
|         AXI_LITE_IPIF_I                               |                                                        design_1_axi_intc_0_0_axi_lite_ipif |         57 |         57 |       0 |    0 |   49 |      0 |      0 |    0 |          0 |
|           I_SLAVE_ATTACHMENT                          |                                                     design_1_axi_intc_0_0_slave_attachment |         57 |         57 |       0 |    0 |   49 |      0 |      0 |    0 |          0 |
|     axi_timer_0                                       |                                                                     design_1_axi_timer_0_0 |        288 |        288 |       0 |    0 |  241 |      0 |      0 |    0 |          0 |
|       U0                                              |                                                           design_1_axi_timer_0_0_axi_timer |        288 |        288 |       0 |    0 |  241 |      0 |      0 |    0 |          0 |
|         AXI4_LITE_I                                   |                                                       design_1_axi_timer_0_0_axi_lite_ipif |        118 |        118 |       0 |    0 |   62 |      0 |      0 |    0 |          0 |
|           I_SLAVE_ATTACHMENT                          |                                                    design_1_axi_timer_0_0_slave_attachment |        118 |        118 |       0 |    0 |   62 |      0 |      0 |    0 |          0 |
|             (I_SLAVE_ATTACHMENT)                      |                                                    design_1_axi_timer_0_0_slave_attachment |         10 |         10 |       0 |    0 |   54 |      0 |      0 |    0 |          0 |
|             I_DECODER                                 |                                                     design_1_axi_timer_0_0_address_decoder |        108 |        108 |       0 |    0 |    8 |      0 |      0 |    0 |          0 |
|         TC_CORE_I                                     |                                                             design_1_axi_timer_0_0_tc_core |        170 |        170 |       0 |    0 |  179 |      0 |      0 |    0 |          0 |
|           COUNTER_0_I                                 |                                                        design_1_axi_timer_0_0_count_module |         50 |         50 |       0 |    0 |   65 |      0 |      0 |    0 |          0 |
|             COUNTER_I                                 |                                                         design_1_axi_timer_0_0_counter_f_1 |         50 |         50 |       0 |    0 |   33 |      0 |      0 |    0 |          0 |
|           GEN_SECOND_TIMER.COUNTER_1_I                |                                                      design_1_axi_timer_0_0_count_module_0 |         83 |         83 |       0 |    0 |   65 |      0 |      0 |    0 |          0 |
|             COUNTER_I                                 |                                                           design_1_axi_timer_0_0_counter_f |         83 |         83 |       0 |    0 |   33 |      0 |      0 |    0 |          0 |
|     axi_uartlite_0                                    |                                                                  design_1_axi_uartlite_0_0 |         93 |         75 |       0 |   18 |  109 |      0 |      0 |    0 |          0 |
|       U0                                              |                                                     design_1_axi_uartlite_0_0_axi_uartlite |         93 |         75 |       0 |   18 |  109 |      0 |      0 |    0 |          0 |
|         UARTLITE_CORE_I                               |                                                    design_1_axi_uartlite_0_0_uartlite_core |         66 |         48 |       0 |   18 |   83 |      0 |      0 |    0 |          0 |
|           UARTLITE_RX_I                               |                                                      design_1_axi_uartlite_0_0_uartlite_rx |         35 |         26 |       0 |    9 |   50 |      0 |      0 |    0 |          0 |
|     hyperbus_controller_0                             |                                                           design_1_hyperbus_controller_0_0 |       1302 |       1282 |      20 |    0 | 1239 |      1 |      4 |    0 |          0 |
|       inst                                            |                                       design_1_hyperbus_controller_0_0_hyperbus_controller |       1302 |       1282 |      20 |    0 | 1239 |      1 |      4 |    0 |          0 |
|         u_hb_engine                                   |                                        design_1_hyperbus_controller_0_0_hyperbus_hb_engine |        442 |        442 |       0 |    0 |  367 |      0 |      0 |    0 |          0 |
|         u_axi_full_frontend                           |                                design_1_hyperbus_controller_0_0_hyperbus_axi_full_frontend |        178 |        158 |      20 |    0 |  211 |      0 |      0 |    0 |          0 |
|         u_axi_lite_frontend                           |                                design_1_hyperbus_controller_0_0_hyperbus_axi_lite_frontend |        290 |        290 |       0 |    0 |  208 |      0 |      0 |    0 |          0 |
|         u_fifo_bank                                   |                                 design_1_hyperbus_controller_0_0_hyperbus_fifo_bank_xilinx |        362 |        362 |       0 |    0 |  441 |      1 |      4 |    0 |          0 |
|           (u_fifo_bank)                               |                                 design_1_hyperbus_controller_0_0_hyperbus_fifo_bank_xilinx |         52 |         52 |       0 |    0 |    0 |      0 |      0 |    0 |          0 |
|           u_axil_rsp_fifo                             |                            design_1_hyperbus_controller_0_0_xpm_fifo_async__parameterized2 |         54 |         54 |       0 |    0 |   86 |      0 |      1 |    0 |          0 |
|             gnuram_async_fifo.xpm_fifo_base_inst      |                             design_1_hyperbus_controller_0_0_xpm_fifo_base__parameterized2 |         54 |         54 |       0 |    0 |   86 |      0 |      1 |    0 |          0 |
|           u_cmd_fifo                                  |                                            design_1_hyperbus_controller_0_0_xpm_fifo_async |         60 |         60 |       0 |    0 |   91 |      1 |      1 |    0 |          0 |
|             gnuram_async_fifo.xpm_fifo_base_inst      |                                             design_1_hyperbus_controller_0_0_xpm_fifo_base |         60 |         60 |       0 |    0 |   91 |      1 |      1 |    0 |          0 |
|           u_rd_fifo                                   |                            design_1_hyperbus_controller_0_0_xpm_fifo_async__parameterized1 |        104 |        104 |       0 |    0 |  136 |      0 |      1 |    0 |          0 |
|             gnuram_async_fifo.xpm_fifo_base_inst      |                             design_1_hyperbus_controller_0_0_xpm_fifo_base__parameterized1 |        104 |        104 |       0 |    0 |  136 |      0 |      1 |    0 |          0 |
|           u_wr_fifo                                   |                            design_1_hyperbus_controller_0_0_xpm_fifo_async__parameterized0 |         92 |         92 |       0 |    0 |  128 |      0 |      1 |    0 |          0 |
|             gnuram_async_fifo.xpm_fifo_base_inst      |                             design_1_hyperbus_controller_0_0_xpm_fifo_base__parameterized0 |         92 |         92 |       0 |    0 |  128 |      0 |      1 |    0 |          0 |
|     mdm_riscv_0                                       |                                                                     design_1_mdm_riscv_0_0 |        134 |        129 |       0 |    5 |  199 |      0 |      0 |    0 |          0 |
|       U0                                              |                                                           design_1_mdm_riscv_0_0_MDM_RISCV |        134 |        129 |       0 |    5 |  199 |      0 |      0 |    0 |          0 |
|         MDM_Core_I1                                   |                                                            design_1_mdm_riscv_0_0_MDM_Core |        105 |        103 |       0 |    2 |  151 |      0 |      0 |    0 |          0 |
|           JTAG_CONTROL_I                              |                                                        design_1_mdm_riscv_0_0_JTAG_CONTROL |        105 |        103 |       0 |    2 |  151 |      0 |      0 |    0 |          0 |
|             (JTAG_CONTROL_I)                          |                                                        design_1_mdm_riscv_0_0_JTAG_CONTROL |        104 |        102 |       0 |    2 |  151 |      0 |      0 |    0 |          0 |
|     microblaze_riscv_0                                |                                                              design_1_microblaze_riscv_0_0 |       2487 |       2327 |      96 |   64 | 1508 |      4 |      0 |    0 |          4 |
|       U0                                              |                                                        design_1_microblaze_riscv_0_0_riscv |       2487 |       2327 |      96 |   64 | 1508 |      4 |      0 |    0 |          4 |
|         riscv_core_I                                  |                                                   design_1_microblaze_riscv_0_0_riscv_core |       2487 |       2327 |      96 |   64 | 1508 |      4 |      0 |    0 |          4 |
|           Base.Core                                   |                                                    design_1_microblaze_riscv_0_0_riscv_GTi |       2482 |       2322 |      96 |   64 | 1503 |      4 |      0 |    0 |          4 |
|             Using_ICache.ICache_I1                    |                               design_1_microblaze_riscv_0_0_microblaze_riscv_v1_0_7_Icache |         69 |         69 |       0 |    0 |   51 |      2 |      0 |    0 |          0 |
|             Data_Flow_I                               |                        design_1_microblaze_riscv_0_0_microblaze_riscv_v1_0_7_Data_Flow_gti |       1082 |       1018 |      64 |    0 |  501 |      0 |      0 |    0 |          4 |
|             Decode_I                                  |                           design_1_microblaze_riscv_0_0_microblaze_riscv_v1_0_7_Decode_gti |        741 |        717 |       0 |   24 |  273 |      0 |      0 |    0 |          0 |
|             Use_Debug_Logic.Master_Core.Debug_Perf    |                                                  design_1_microblaze_riscv_0_0_riscv_debug |        242 |        242 |       0 |    0 |  385 |      0 |      0 |    0 |          0 |
|             Using_DCache.Using_WriteThrough.DCache_I1 |                           design_1_microblaze_riscv_0_0_microblaze_riscv_v1_0_7_DCache_gti |        271 |        199 |      32 |   40 |  215 |      2 |      0 |    0 |          0 |
+-------------------------------------------------------+--------------------------------------------------------------------------------------------+------------+------------+---------+------+------+--------+--------+------+------------+
* Note: The sum of lower-level cells may be larger than their parent cells total, due to cross-hierarchy LUT combining


